mapSize -0.5 0.5 1

size 239

fog red=.4 green=.3 blue=0 alpha=.01 density=0.01

light0 position=0;0;0;1 ambient=1;1;1;1 specular=0;0;0;1 diffuse=1;1;1;1 attenuation=1;0.02;0.03
light1 position=0;0;0;0 ambient=.2;.2;.2;.2 specular=0;0;0;1 diffuse=.2;.2;.2;.2
material ambient=.7;.7;.7;1 specular=0;0;0;1 diffuse=.7;.7;.7;1

floorTex airtemplefloor.jpg
wallTex airtemplewall.png
wallTex airtempledoor0.png
wallTex airtemplestairdown.png
wallTex airtemplestairup.png
roofTex airtempleroof.jpg

normal floor 0 1
normal wall 1 5
normal roof 5 6

mapPos 2 1

dir 20 1 36
dir 20 2 21
dir 21 2 22
dir 22 2 23
dir 23 2 24
dir 24 1 40
dir 26 1 42
dir 26 2 27
dir 27 2 28
dir 28 2 29
dir 29 2 30
dir 30 1 46
dir 40 1 56
dir 46 1 62
dir 56 1 72
dir 62 1 78
dir 68 1 84
dir 72 1 88
dir 74 1 90
dir 78 1 94
dir 84 2 85
dir 85 2 86
dir 86 2 87
dir 87 2 88
dir 90 2 91
dir 91 2 92
dir 92 2 93
dir 93 2 94
dir 116 1 132
dir 116 2 117
dir 117 2 118
dir 118 2 119
dir 119 2 120
dir 120 1 136
dir 122 1 138
dir 122 2 123
dir 123 2 124
dir 124 2 125
dir 125 2 126
dir 126 1 142
dir 136 1 152
dir 142 1 158
dir 152 1 168
dir 158 1 174
dir 164 1 180
dir 168 1 184
dir 170 1 186
dir 174 1 190
dir 180 2 181
dir 181 2 182
dir 182 2 183
dir 183 2 184
dir 186 2 187
dir 187 2 188
dir 188 2 189
dir 189 2 190

mapEnd
# 3 = down
# 4 = up
wall 2 42 1
wall 4 74 3
wall 3 138 1
wall 4 170 3
wall 3 132 1
wall 4 164 3
wall 3 36 1
wall 4 68 3

# Bottom left
inv door 42 1 dontopen empyrian_temple--hall_of_wind-mark1
inv door--up 74 3 dontopen empyrian_temple--tower_of_magic-mark2

# Bottom right
inv door--down 138 1 dontopen empyrian_temple--tower_of_magic-mark1
inv door--up 170 3 dontopen empyrian_temple--tower_of_magic-mark4

# Top right
inv door--down 132 1 dontopen empyrian_temple--tower_of_magic-mark3
inv door--up 164 3 dontopen empyrian_temple--tower_of_magic-mark6

# Top left
inv door--down 36 1 dontopen empyrian_temple--tower_of_magic-mark5
inv door--up 68 3 dontopen empyrian_temple--dark-mark0

end
