mapSize -0.5 0.5 1

size 187

mission VillagerMission GreatMineMission trigger="Zazo";"2" trigger="Zazonode";"2" dialog="Celis";"Seems that no more workers are here.&&Let's head back to Zazo!" extranext="2";"After a Hard Days Work"

light0 position=0;0;0;1 ambient=.8;.8;.8;1 specular=0;0;0;1 diffuse=.8;.8;.8;1 attenuation=1;0.01;0.015
material ambient=.4;.4;.4;1 specular=0;0;0;1 diffuse=.7;.7;.7;1
invMaterial ambient=.7;.7;.7;1 specular=.2;.2;.2;1 diffuse=.8;.8;.8;1 shininess=5 emission=.1;.1;.1;1

floorTex minecavefloor.jpg
wallTex minecavewall.png
wallTex minecavedoorbig0.png
wallTex minecavedoor0.png
roofTex minecaveroof.jpg

normal floor 0 1
normal wall 1 4
normal roof 4 5

mapPos 2 1

# directions in labyrinth
dir 7 1 23
dir 21 1 37
dir 23 1 39
dir 25 2 26
dir 26 2 27
dir 27 1 43
dir 27 2 28
dir 28 2 29
dir 37 1 53
dir 39 1 55
dir 43 1 59
dir 51 2 52
dir 52 2 53
dir 53 2 54
dir 54 2 55
dir 55 2 56
dir 56 2 57
dir 57 2 58
dir 58 1 74
dir 58 2 59
dir 74 1 90
dir 87 2 88
dir 88 2 89
dir 89 2 90
dir 90 2 91
dir 91 2 92
dir 92 2 93

mapEnd

inv hinderDoor 7 3 2 Walls/minecavedoorbig the_great_mine--the_hall-mark3
inv hinderDoor 51 0 2 Walls/minecavedoorbig the_great_mine--mine_shaft-mark0

inv hinderDoor 53 3 2 Walls/minecavedoor the_great_mine--tunnel-mark3
wall 3 37 1
inv door 37 1 dontopen the_great_mine--tunnel-mark2

inv button 25 0 7 Images/lever The_Great_Mine--Tunnel.maphinderDoor51 The_Great_Mine--Mine_Shaft.maphinderDoor63 The_Great_Mine--Mine_Shaft.mapbutton93
inv button 29 2 7 Images/lever The_Great_Mine--Tunnel.maphinderDoor7 The_Great_Mine--The_Hall.maphinderDoor199 The_Great_Mine--The_Hall.mapbutton72

inv chest 87 0 2 Images/chest 0 200
inv chest 93 2 2 Images/chest 0 50

inv villager 21 3 GreatMineMission Images/minerchristoffer.png Villager="Are you here to save me?!" Villager="Please let me follow you out!"

end
