mapSize -0.5 0.5 1

size 249

mission BombMission SewerMission trigger="the_sewers--north.maphinderdoor108";"1" trigger="the_sewers--north.maphinderdoor124";"1" dialog="Kin";"Let's get out of here!"

fog red=.2 green=1 blue=.6 alpha=.0008 density=0.003 start=0 end=10

light0 position=0;0;0;1 ambient=.8;.8;.8;1 specular=0;0;0;1 diffuse=.8;.8;.8;1 attenuation=1;0.01;0.015
material ambient=.4;.4;.4;1 specular=0;0;0;1 diffuse=.7;.7;.7;1
invMaterial ambient=.4;.4;.4;1 specular=0;0;0;1 diffuse=.4;.4;.4;1

floorTex sewerfloor.jpg
wallTex sewerwall.png
wallTex sewerdoor0.png
wallTex sewerdoor1.png
roofTex sewerroof.jpg

normal floor 0 1
normal wall 1 4
normal roof 4 5

mapPos 0 0

dir 12 1 28
dir 28 1 44
dir 44 1 60
dir 54 2 55
dir 55 1 71
dir 55 2 56
dir 58 2 59
dir 59 2 60
dir 60 1 76
dir 60 2 61
dir 71 1 87
dir 76 1 92
dir 87 1 103
dir 92 1 108
dir 100 2 101
dir 101 2 102
dir 102 2 103
dir 103 1 119
dir 103 2 104
dir 104 2 105
dir 105 2 106
dir 106 2 107
dir 107 2 108
dir 108 1 124
dir 108 2 109
dir 109 2 110
dir 110 1 126
dir 110 2 111
dir 119 1 135
dir 126 1 142
dir 135 1 151
dir 142 1 158
dir 150 2 151
dir 151 2 152
dir 158 1 174

mapEnd

inv hinderDoor 111 2 2 Walls/sewerdoor the_sewers--south_west-mark1

#inv hinderDoor 105 2 2 Walls/sewerdoor the_sewers--north_west-mark2
#inv hinderDoor 106 0 2 Walls/sewerdoor the_sewers--north_west-mark1

inv button 58 0 7 Images/lever The_Sewers--South.maphinderDoor131
inv button 100 0 7 Images/lever The_Sewers--North.maphinderDoor202

inv chest 12 3 2 Images/chest 0 700
inv chest 150 0 2 Images/chest 0 1000

inv save 124 3 -1 -1

# wall 3 124 1
# wall 3 152 2
# wall 3 56 2

end
